**********************
Windows PowerShell transcript start
Start time: 20260309133756
Username: FLUSHINGSAVINGS\bchuc-da
RunAs User: FLUSHINGSAVINGS\bchuc-da
Configuration Name: 
Machine: ITNOTEBOOK001 (Microsoft Windows NT 10.0.26200.0)
Host Application: powershell -ExecutionPolicy ByPass -File c:\Scripts\Add-ADUsersToGroup.ps1
Process ID: 31764
PSVersion: 5.1.26100.7920
PSEdition: Desktop
PSCompatibleVersions: 1.0, 2.0, 3.0, 4.0, 5.0, 5.1.26100.7920
BuildVersion: 10.0.26100.7920
CLRVersion: 4.0.30319.42000
WSManStackVersion: 3.0
PSRemotingProtocolVersion: 2.3
SerializationVersion: 1.1.0.1
**********************
Transcript started, output file is C:\Scripts\OutputFiles\Add-ADUsers.log
Added Banker44 to MFA_SSO_EXCEPTIONS
Added Banker43 to MFA_SSO_EXCEPTIONS
Added Banker42 to MFA_SSO_EXCEPTIONS
Added Banker41 to MFA_SSO_EXCEPTIONS
Added Banker25 to MFA_SSO_EXCEPTIONS
Added Banker24 to MFA_SSO_EXCEPTIONS
Added Banker23 to MFA_SSO_EXCEPTIONS
Added Banker22 to MFA_SSO_EXCEPTIONS
Added Banker21 to MFA_SSO_EXCEPTIONS
Added Banker20 to MFA_SSO_EXCEPTIONS
Added Banker19 to MFA_SSO_EXCEPTIONS
Added Banker18 to MFA_SSO_EXCEPTIONS
Added Banker17 to MFA_SSO_EXCEPTIONS
Added Banker16 to MFA_SSO_EXCEPTIONS
Added Banker15 to MFA_SSO_EXCEPTIONS
Added Banker14 to MFA_SSO_EXCEPTIONS
Added Banker13 to MFA_SSO_EXCEPTIONS
Added Banker12 to MFA_SSO_EXCEPTIONS
Added Banker11 to MFA_SSO_EXCEPTIONS
Added Banker10 to MFA_SSO_EXCEPTIONS
Added Banker09 to MFA_SSO_EXCEPTIONS
Added Banker08 to MFA_SSO_EXCEPTIONS
Added Banker07 to MFA_SSO_EXCEPTIONS
Added Banker06 to MFA_SSO_EXCEPTIONS
Added Banker05 to MFA_SSO_EXCEPTIONS
Added Banker04 to MFA_SSO_EXCEPTIONS
Added Banker03 to MFA_SSO_EXCEPTIONS
Added Banker02 to MFA_SSO_EXCEPTIONS
Added Banker01 to MFA_SSO_EXCEPTIONS
**********************
Windows PowerShell transcript end
End time: 20260309133758
**********************
